follower
leader
follower
follower
follower
follower
leader
follower
follower
follower
follower
leader
follower
follower
follower
