S1 leader term:7 voted_for:1 commit_index:0 data:0 logs:T0[0]
