leader
follower
follower
follower
follower
follower
follower
leader
leader
follower
follower
follower
follower
follower
leader
leader
leader
follower
follower
follower
follower
leader
leader
leader
leader
follower
follower
follower
