follower
follower
follower
follower
leader
leader
follower
follower
follower
leader
leader
follower
follower
follower
leader
follower
leader
follower
follower
follower
