candidate
leader
follower
follower
follower
follower
