S1 leader term:2 voted_for:1 commit_index:2 data:2 logs:T0[0] T2[+1+1]
S2 leader term:3 voted_for:2 commit_index:4 data:-2 logs:T0[0] T2[+1+1] T3[-2-2]
S4 follower term:4 voted_for:3 commit_index:6 data:-6 logs:T0[0] T2[+1+1] T3[-2-2] T4[-2-2]
