L2 next_index[1 X 1 1 1 ] match_index[0 X 0 0 0 ]
0
0
0
0
L2 next_index[1 X 1 1 1 ] match_index[0 X 0 0 0 ]
0
0
0
0
0
