S1 leader term:2 voted_for:1 commit_index:3 data:22 logs:T0[0] T2[+5*5-3]
S2 follower term:2 voted_for:1 commit_index:3 data:22 logs:T0[0] T2[+5*5-3]
S3 follower term:2 voted_for:1 commit_index:3 data:22 logs:T0[0] T2[+5*5-3]
