L1 next_index[X 2 2 2 2 ] match_index[X 1 1 1 1 ]
S1 leader term:2 voted_for:1 commit_index:1 data:5 logs:T0[0] T2[+5*5-2]
S2 follower term:2 voted_for:1 commit_index:0 data:0 logs:T0[0] T2[+5]
S3 follower term:2 voted_for:1 commit_index:0 data:0 logs:T0[0] T2[+5]
S4 follower term:2 voted_for:1 commit_index:0 data:0 logs:T0[0] T2[+5]
S5 follower term:2 voted_for:1 commit_index:0 data:0 logs:T0[0] T2[+5]
L1 next_index[X 3 3 3 3 ] match_index[X 2 2 2 2 ]
S1 leader term:2 voted_for:1 commit_index:2 data:25 logs:T0[0] T2[+5*5-2]
S2 follower term:2 voted_for:1 commit_index:1 data:5 logs:T0[0] T2[+5*5]
S3 follower term:2 voted_for:1 commit_index:1 data:5 logs:T0[0] T2[+5*5]
S4 follower term:2 voted_for:1 commit_index:1 data:5 logs:T0[0] T2[+5*5]
S5 follower term:2 voted_for:1 commit_index:1 data:5 logs:T0[0] T2[+5*5]
L1 next_index[X 4 4 4 4 ] match_index[X 3 3 3 3 ]
S1 leader term:2 voted_for:1 commit_index:3 data:23 logs:T0[0] T2[+5*5-2]
S2 follower term:2 voted_for:1 commit_index:2 data:25 logs:T0[0] T2[+5*5-2]
S3 follower term:2 voted_for:1 commit_index:2 data:25 logs:T0[0] T2[+5*5-2]
S4 follower term:2 voted_for:1 commit_index:2 data:25 logs:T0[0] T2[+5*5-2]
S5 follower term:2 voted_for:1 commit_index:2 data:25 logs:T0[0] T2[+5*5-2]
L1 next_index[X 4 4 4 4 ] match_index[X 3 3 3 3 ]
S1 leader term:2 voted_for:1 commit_index:3 data:23 logs:T0[0] T2[+5*5-2]
S2 follower term:2 voted_for:1 commit_index:3 data:23 logs:T0[0] T2[+5*5-2]
S3 follower term:2 voted_for:1 commit_index:3 data:23 logs:T0[0] T2[+5*5-2]
S4 follower term:2 voted_for:1 commit_index:3 data:23 logs:T0[0] T2[+5*5-2]
S5 follower term:2 voted_for:1 commit_index:3 data:23 logs:T0[0] T2[+5*5-2]
